
Download istio

https://github.com/istio/istio/releases

GRAFANA_USERNAME=$(echo -n "grafanaadm" | base64)
GRAFANA_PASSPHRASE=$(echo -n "grafanaadm@123" | base64)

cat <<EOF | kubectl apply -f -
apiVersion: v1
kind: Secret
metadata:
  name: grafana
  namespace: istio-system
  labels:
    app: grafana
type: Opaque
data:
  username: $GRAFANA_USERNAME
  passphrase: $GRAFANA_PASSPHRASE
EOF


KIALI_USERNAME=$(echo -n "kiali" | base64)
KIALI_PASSPHRASE=$(echo -n "kiali@123" | base64)

cat <<EOF | kubectl apply -f -
apiVersion: v1
kind: Secret
metadata:
  name: kiali
  namespace: istio-system
  labels:
    app: kiali
type: Opaque
data:
  username: $KIALI_USERNAME
  passphrase: $KIALI_PASSPHRASE
EOF



C:\Users\indr\Desktop\istio-1.6.10-win\istio-1.6.10\manifests\charts\istio-operator


indr@mystep01 MINGW64 ~/Desktop/istio-1.6.10-win/istio-1.6.10/bin
$ ./istioctl manifest generate -f istio.aks.yaml --set installPackagePath="C:\\Users\\indr\\Desktop\istio-1.6.10-win\istio-1.6.10\manifests" >istiogen.txt
! global.mtls.enabled is deprecated; use the PeerAuthentication resource instead

indr@mystep01 MINGW64 ~/Desktop/istio-1.6.10-win/istio-1.6.10/bin
$ ./istioctl apply generate -f istio.aks.yaml --set installPackagePath="C:\\Users\\indr\\Desktop\istio-1.6.10-win\istio-1.6.10\manifests"
Error: unknown command "apply" for "istioctl"
Run 'istioctl --help' for usage.

indr@mystep01 MINGW64 ~/Desktop/istio-1.6.10-win/istio-1.6.10/bin
$ ./istioctl manifest generate -f istio.aks.yaml --set installPackagePath="C:\\Users\\indr\\Desktop\istio-1.6.10-win\istio-1.6.10\manifests" >istiogen.txt
! global.mtls.enabled is deprecated; use the PeerAuthentication resource instead

indranil@mystep01 MINGW64 ~/Desktop/istio-1.6.10-win/istio-1.6.10/bin



$ ./istioctl manifest apply -f istio.aks.yaml --set installPackagePath="C:\\Users\\indranil\\Desktop\istio-1.6.10-win\istio-1.6.10\manifests"
! global.mtls.enabled is deprecated; use the PeerAuthentication resource instead
? Istio core installed
? Istiod installed
? Ingress gateways installed
? Addons installed
? Installation complete
indranil@mystep01 MINGW64 ~/Desktop/istio-1.6.10-win/istio-1.6.10/bin
$



indranil@mystep01 MINGW64 ~/Desktop/istio-1.6.10-win/istio-1.6.10/bin
$ kubectl describe svc   istio-ingressgateway  --namespace istio-system
Name:                     istio-ingressgateway
Namespace:                istio-system
Labels:                   app=istio-ingressgateway
                          install.operator.istio.io/owning-resource=installed-state
                          install.operator.istio.io/owning-resource-namespace=istio-system
                          istio=ingressgateway
                          operator.istio.io/component=IngressGateways
                          operator.istio.io/managed=Reconcile
                          operator.istio.io/version=1.6.10
                          release=istio
Annotations:              service.beta.kubernetes.io/azure-load-balancer-internal: true
Selector:                 app=istio-ingressgateway,istio=ingressgateway
Type:                     LoadBalancer
IP:                       172.20.109.172
IP:                       10.232.69.253
LoadBalancer Ingress:     10.232.69.253
Port:                     status-port  15021/TCP
TargetPort:               15021/TCP
NodePort:                 status-port  32105/TCP
Endpoints:                172.19.0.25:15021
Port:                     http2  80/TCP
TargetPort:               8080/TCP
NodePort:                 http2  32371/TCP
Endpoints:                172.19.0.25:8080
Port:                     https  443/TCP
TargetPort:               8443/TCP
NodePort:                 https  31789/TCP
Endpoints:                172.19.0.25:8443
Port:                     tls  15443/TCP
TargetPort:               15443/TCP
NodePort:                 tls  31830/TCP
Endpoints:                172.19.0.25:15443
Session Affinity:         None
External Traffic Policy:  Cluster
Events:
  Type     Reason                      Age                   From                  Message
  ----     ------                      ----                  ----                  -------
  Warning  CreateOrUpdateLoadBalancer  5m14s (x9 over 20m)   azure-cloud-provider  Code="PrivateIPAddressNotInSubnet" Message="Private static IP address 10.232.69.126 does not belong to the range of subnet prefix 10.232.69.224/27." Details=[]
  Warning  SyncLoadBalancerFailed      2m24s (x10 over 20m)  service-controller    Error syncing load balancer: failed to ensure load balancer: timed out waiting for the condition
  Warning  CreateOrUpdateLoadBalancer  2m24s                 azure-cloud-provider  Code="MultipleIpConfigsRequestSamePrivateIpAddress" Message="IP configuration /subscriptions/24d982bc-43e1-4e58-a537-abb3fc74d1c7/resourceGroups/weeu-s03-tst-rsg-aksn-99/providers/Microsoft.Network/loadBalancers/kubernetes-internal/frontendIPConfigurations/a38398f8c494a4af68b3f4e7dd538da6 is requesting the same private IP address 10.232.69.254 as IP Configurations /subscriptions/24d982bc-43e1-4e58-a537-abb3fc74d1c7/resourceGroups/weeu-s03-tst-rsg-aksn-99/providers/Microsoft.Network/loadBalancers/kubernetes-internal/frontendIPConfigurations/a2cb863e812c7452d877f977aee6a7b5. Private IP address 10.232.69.254 from the subnet can be assigned to only one IP configuration." Details=[]
  Normal   EnsuringLoadBalancer        13s (x12 over 20m)    service-controller    Ensuring load balancer
  Normal   EnsuredLoadBalancer         13s (x2 over 13s)     service-controller    Ensured load balancer



indranil@mystep01 MINGW64 ~/Desktop/istio-1.6.10-win/istio-1.6.10/bin
$ kubectl get svc   istio-ingressgateway  --namespace istio-system
NAME                   TYPE           CLUSTER-IP       EXTERNAL-IP     PORT(S)                                                      AGE
istio-ingressgateway   LoadBalancer   172.20.109.172   10.232.69.253   15021:32105/TCP,80:32371/TCP,443:31789/TCP,15443:31830/TCP   20m

indranil@mystep01 MINGW64 ~/Desktop/istio-1.6.10-win/istio-1.6.10/bin
$ kubectl get svc --namespace istio-system
NAME                        TYPE           CLUSTER-IP       EXTERNAL-IP     PORT(S)                                                      AGE
grafana                     ClusterIP      172.20.114.141   <none>          3000/TCP                                                     21m
istio-ingressgateway        LoadBalancer   172.20.109.172   10.232.69.253   15021:32105/TCP,80:32371/TCP,443:31789/TCP,15443:31830/TCP   21m
istiod                      ClusterIP      172.20.65.167    <none>          15010/TCP,15012/TCP,443/TCP,15014/TCP,853/TCP                21m
jaeger-agent                ClusterIP      None             <none>          5775/UDP,6831/UDP,6832/UDP                                   21m
jaeger-collector            ClusterIP      172.20.49.100    <none>          14267/TCP,14268/TCP,14250/TCP                                21m
jaeger-collector-headless   ClusterIP      None             <none>          14250/TCP                                                    21m
jaeger-query                ClusterIP      172.20.89.194    <none>          16686/TCP                                                    21m
kiali                       ClusterIP      172.20.255.49    <none>          20001/TCP                                                    21m
prometheus                  ClusterIP      172.20.209.41    <none>          9090/TCP                                                     21m
tracing                     ClusterIP      172.20.248.162   <none>          80/TCP                                                       21m
zipkin                      ClusterIP      172.20.65.9      <none>          9411/TCP                                                     21m

indranil@mystep01 MINGW64 ~/Desktop/istio-1.6.10-win/istio-1.6.10/bin





$ kubectl get pods --namespace istio-system
NAME                                    READY   STATUS    RESTARTS   AGE
grafana-86897cb4f5-8fhjj                1/1     Running   0          23m
istio-ingressgateway-59887f9c95-mtklz   1/1     Running   0          23m
istio-tracing-57d7cfd779-d67lc          1/1     Running   0          23m
istiod-79f646c464-lfk2z                 1/1     Running   0          24m
kiali-7c974669b4-w8wnp                  1/1     Running   0          23m
prometheus-77458ffd8c-fjzz6             2/2     Running   0          23m

indranil@mystep01 MINGW64 ~/Desktop/istio-1.6.10-win/istio-1.6.10/bin


$ ./istioctl dashboard grafana
http://localhost:56922

$./istioctl dashboard prometheus

$./istioctl dashboard prometheus

$./istioctl dashboard jaeger

$./istioctl dashboard kiali






indranil@mystep01 MINGW64 ~/Desktop/istio-1.6.10-win/istio-1.6.10/bin
$ kubectl get pod -n istio-system
NAME                                    READY   STATUS    RESTARTS   AGE
grafana-86897cb4f5-8fhjj                1/1     Running   0          52m
istio-ingressgateway-59887f9c95-mtklz   1/1     Running   0          52m
istio-tracing-57d7cfd779-d67lc          1/1     Running   0          52m
istiod-79f646c464-lfk2z                 1/1     Running   0          52m
kiali-7c974669b4-w8wnp                  1/1     Running   0          52m
prometheus-77458ffd8c-fjzz6             2/2     Running   0          52m

indranil@mystep01 MINGW64 ~/Desktop/istio-1.6.10-win/istio-1.6.10/bin
$ kubectl get pod istio-ingressgateway-59887f9c95-mtklz -n istio-system  --show-levels
Error: unknown flag: --show-levels
See 'kubectl get --help' for usage.

indranil@mystep01 MINGW64 ~/Desktop/istio-1.6.10-win/istio-1.6.10/bin
$ kubectl get pod istio-ingressgateway-59887f9c95-mtklz -n istio-system  --show-level
Error: unknown flag: --show-level
See 'kubectl get --help' for usage.

indranil@mystep01 MINGW64 ~/Desktop/istio-1.6.10-win/istio-1.6.10/bin
$ kubectl get pod istio-ingressgateway-59887f9c95-mtklz -n istio-system  --show-labels
NAME                                    READY   STATUS    RESTARTS   AGE   LABELS
istio-ingressgateway-59887f9c95-mtklz   1/1     Running   0          53m   app=istio-ingressgateway,chart=gateways,heritage=Tiller,istio=ingressgateway,pod-template-hash=59887f9c95,release=istio,service.istio.io/canonical-name=istio-ingressgateway,service.istio.io/canonical-revision=latest

indranil@mystep01 MINGW64 ~/Desktop/istio-1.6.10-win/istio-1.6.10/bin
$



